Release 14.7 - xst P.20131013 (lin64)
Copyright (c) 1995-2013 Xilinx, Inc.  All rights reserved.
--> 
Parameter TMPDIR set to xst/projnav.tmp


Total REAL time to Xst completion: 0.00 secs
Total CPU time to Xst completion: 0.04 secs
 
--> 
Parameter xsthdpdir set to xst


Total REAL time to Xst completion: 0.00 secs
Total CPU time to Xst completion: 0.04 secs
 
--> 
Reading design: ArrayMultiplier.prj

TABLE OF CONTENTS
  1) Synthesis Options Summary
  2) HDL Parsing
  3) HDL Elaboration
  4) HDL Synthesis
       4.1) HDL Synthesis Report
  5) Advanced HDL Synthesis
       5.1) Advanced HDL Synthesis Report
  6) Low Level Synthesis
  7) Partition Report
  8) Design Summary
       8.1) Primitive and Black Box Usage
       8.2) Device utilization summary
       8.3) Partition Resource Summary
       8.4) Timing Report
            8.4.1) Clock Information
            8.4.2) Asynchronous Control Signals Information
            8.4.3) Timing Summary
            8.4.4) Timing Details
            8.4.5) Cross Clock Domains Report


=========================================================================
*                      Synthesis Options Summary                        *
=========================================================================
---- Source Parameters
Input File Name                    : "ArrayMultiplier.prj"
Ignore Synthesis Constraint File   : NO

---- Target Parameters
Output File Name                   : "ArrayMultiplier"
Output Format                      : NGC
Target Device                      : xc7vx330t-3-ffg1157

---- Source Options
Top Module Name                    : ArrayMultiplier
Automatic FSM Extraction           : YES
FSM Encoding Algorithm             : Auto
Safe Implementation                : No
FSM Style                          : LUT
RAM Extraction                     : Yes
RAM Style                          : Auto
ROM Extraction                     : Yes
Shift Register Extraction          : YES
ROM Style                          : Auto
Resource Sharing                   : YES
Asynchronous To Synchronous        : NO
Shift Register Minimum Size        : 2
Use DSP Block                      : Auto
Automatic Register Balancing       : No

---- Target Options
LUT Combining                      : Auto
Reduce Control Sets                : Auto
Add IO Buffers                     : YES
Global Maximum Fanout              : 100000
Add Generic Clock Buffer(BUFG)     : 32
Register Duplication               : YES
Optimize Instantiated Primitives   : NO
Use Clock Enable                   : Auto
Use Synchronous Set                : Auto
Use Synchronous Reset              : Auto
Pack IO Registers into IOBs        : Auto
Equivalent register Removal        : YES

---- General Options
Optimization Goal                  : Speed
Optimization Effort                : 1
Power Reduction                    : NO
Keep Hierarchy                     : No
Netlist Hierarchy                  : As_Optimized
RTL Output                         : Yes
Global Optimization                : AllClockNets
Read Cores                         : YES
Write Timing Constraints           : NO
Cross Clock Analysis               : NO
Hierarchy Separator                : /
Bus Delimiter                      : <>
Case Specifier                     : Maintain
Slice Utilization Ratio            : 100
BRAM Utilization Ratio             : 100
DSP48 Utilization Ratio            : 100
Auto BRAM Packing                  : NO
Slice Utilization Ratio Delta      : 5

=========================================================================


=========================================================================
*                          HDL Parsing                                  *
=========================================================================
Analyzing Verilog file "/home/vijay/Desktop/Vlsi/Experiment8/a/array_mult.v" into library work
Parsing module <FullAdder>.
Parsing module <level>.
Parsing module <ArrayMultiplier>.

=========================================================================
*                            HDL Elaboration                            *
=========================================================================

Elaborating module <ArrayMultiplier>.

Elaborating module <level>.

Elaborating module <FullAdder>.

=========================================================================
*                           HDL Synthesis                               *
=========================================================================

Synthesizing Unit <ArrayMultiplier>.
    Related source file is "/home/vijay/Desktop/Vlsi/Experiment8/a/array_mult.v".
    Summary:
	no macro.
Unit <ArrayMultiplier> synthesized.

Synthesizing Unit <level>.
    Related source file is "/home/vijay/Desktop/Vlsi/Experiment8/a/array_mult.v".
WARNING:Xst:647 - Input <d<0:0>> is never used. This port will be preserved and left unconnected if it belongs to a top-level block or it belongs to a sub-block and the hierarchy of this sub-block is preserved.
    Summary:
	no macro.
Unit <level> synthesized.

Synthesizing Unit <FullAdder>.
    Related source file is "/home/vijay/Desktop/Vlsi/Experiment8/a/array_mult.v".
    Summary:
Unit <FullAdder> synthesized.

=========================================================================
HDL Synthesis Report

Macro Statistics
# Xors                                                 : 480
 1-bit xor2                                            : 480

=========================================================================

=========================================================================
*                       Advanced HDL Synthesis                          *
=========================================================================


=========================================================================
Advanced HDL Synthesis Report

Macro Statistics
# Xors                                                 : 480
 1-bit xor2                                            : 480

=========================================================================

=========================================================================
*                         Low Level Synthesis                           *
=========================================================================

Optimizing unit <ArrayMultiplier> ...

Optimizing unit <level> ...

Mapping all equations...
Building and optimizing final netlist ...
Found area constraint ratio of 100 (+ 5) on block ArrayMultiplier, actual ratio is 0.

Final Macro Processing ...

=========================================================================
Final Register Report

Found no macro
=========================================================================

=========================================================================
*                           Partition Report                            *
=========================================================================

Partition Implementation Status
-------------------------------

  No Partitions were found in this design.

-------------------------------

=========================================================================
*                            Design Summary                             *
=========================================================================

Top Level Output File Name         : ArrayMultiplier.ngc

Primitive and Black Box Usage:
------------------------------
# BELS                             : 426
#      LUT2                        : 74
#      LUT3                        : 2
#      LUT4                        : 91
#      LUT5                        : 22
#      LUT6                        : 237
# IO Buffers                       : 64
#      IBUF                        : 32
#      OBUF                        : 32

Device utilization summary:
---------------------------

Selected Device : 7vx330tffg1157-3 


Slice Logic Utilization: 
 Number of Slice LUTs:                  426  out of  204000     0%  
    Number used as Logic:               426  out of  204000     0%  

Slice Logic Distribution: 
 Number of LUT Flip Flop pairs used:    426
   Number with an unused Flip Flop:     426  out of    426   100%  
   Number with an unused LUT:             0  out of    426     0%  
   Number of fully used LUT-FF pairs:     0  out of    426     0%  
   Number of unique control sets:         0

IO Utilization: 
 Number of IOs:                          64
 Number of bonded IOBs:                  64  out of    600    10%  

Specific Feature Utilization:

---------------------------
Partition Resource Summary:
---------------------------

  No Partitions were found in this design.

---------------------------


=========================================================================
Timing Report

NOTE: THESE TIMING NUMBERS ARE ONLY A SYNTHESIS ESTIMATE.
      FOR ACCURATE TIMING INFORMATION PLEASE REFER TO THE TRACE REPORT
      GENERATED AFTER PLACE-and-ROUTE.

Clock Information:
------------------
No clock signals found in this design

Asynchronous Control Signals Information:
----------------------------------------
No asynchronous control signals found in this design

Timing Summary:
---------------
Speed Grade: -3

   Minimum period: No path found
   Minimum input arrival time before clock: No path found
   Maximum output required time after clock: No path found
   Maximum combinational path delay: 18.505ns

Timing Details:
---------------
All values displayed in nanoseconds (ns)

=========================================================================
Timing constraint: Default path analysis
  Total number of paths / destination ports: 2424930842861 / 32
-------------------------------------------------------------------------
Delay:               18.505ns (Levels of Logic = 39)
  Source:            b<1> (PAD)
  Destination:       p<31> (PAD)

  Data Path: b<1> to p<31>
                                Gate     Net
    Cell:in->out      fanout   Delay   Delay  Logical Name (Net Name)
    ----------------------------------------  ------------
     IBUF:I->O            33   0.000   0.450  b_1_IBUF (b_1_IBUF)
     LUT2:I0->O            2   0.043   0.555  ai<1><2>1 (ai<1><2>)
     LUT6:I0->O            3   0.043   0.299  l_0/FA_2/cout1 (l_0/ca<2>)
     LUT5:I4->O            2   0.043   0.546  l_0/FA_3/Mxor_s_xo<0>1 (s1<3>)
     LUT6:I1->O            3   0.043   0.353  l_1/FA_2/cout1 (l_1/ca<2>)
     LUT4:I2->O            2   0.043   0.547  l_1/FA_3/Mxor_s_xo<0>1 (s2<3>)
     LUT6:I1->O            3   0.043   0.353  l_2/FA_2/cout1 (l_2/ca<2>)
     LUT4:I2->O            2   0.043   0.547  l_2/FA_3/Mxor_s_xo<0>1 (s3<3>)
     LUT6:I1->O            3   0.043   0.353  l_3/FA_2/cout1 (l_3/ca<2>)
     LUT4:I2->O            2   0.043   0.547  l_3/FA_3/Mxor_s_xo<0>1 (s4<3>)
     LUT6:I1->O            3   0.043   0.353  l_4/FA_2/cout1 (l_4/ca<2>)
     LUT4:I2->O            2   0.043   0.547  l_4/FA_3/Mxor_s_xo<0>1 (s5<3>)
     LUT6:I1->O            3   0.043   0.353  l_5/FA_2/cout1 (l_5/ca<2>)
     LUT4:I2->O            2   0.043   0.547  l_5/FA_3/Mxor_s_xo<0>1 (s6<3>)
     LUT6:I1->O            3   0.043   0.353  l_6/FA_2/cout1 (l_6/ca<2>)
     LUT4:I2->O            2   0.043   0.547  l_6/FA_3/Mxor_s_xo<0>1 (s7<3>)
     LUT6:I1->O            3   0.043   0.353  l_7/FA_2/cout1 (l_7/ca<2>)
     LUT4:I2->O            2   0.043   0.547  l_7/FA_3/Mxor_s_xo<0>1 (s8<3>)
     LUT6:I1->O            3   0.043   0.353  l_8/FA_2/cout1 (l_8/ca<2>)
     LUT4:I2->O            2   0.043   0.547  l_8/FA_3/Mxor_s_xo<0>1 (s9<3>)
     LUT6:I1->O            3   0.043   0.353  l_9/FA_2/cout1 (l_9/ca<2>)
     LUT4:I2->O            2   0.043   0.547  l_9/FA_3/Mxor_s_xo<0>1 (s10<3>)
     LUT6:I1->O            3   0.043   0.353  l_10/FA_2/cout1 (l_10/ca<2>)
     LUT4:I2->O            2   0.043   0.547  l_10/FA_3/Mxor_s_xo<0>1 (s11<3>)
     LUT6:I1->O            3   0.043   0.353  l_11/FA_2/cout1 (l_11/ca<2>)
     LUT4:I2->O            2   0.043   0.547  l_11/FA_3/Mxor_s_xo<0>1 (s12<3>)
     LUT6:I1->O            3   0.043   0.353  l_12/FA_2/cout1 (l_12/ca<2>)
     LUT4:I2->O            2   0.043   0.547  l_12/FA_3/Mxor_s_xo<0>1 (s13<3>)
     LUT6:I1->O            3   0.043   0.353  l_13/FA_2/cout1 (l_13/ca<2>)
     LUT4:I2->O            2   0.043   0.546  l_13/FA_3/Mxor_s_xo<0>1 (s14<3>)
     LUT6:I1->O            3   0.043   0.438  l_14/FA_2/cout1 (l_14/ca<2>)
     LUT6:I3->O            3   0.043   0.438  l_14/FA_4/cout1 (l_14/ca<4>)
     LUT6:I3->O            3   0.043   0.438  l_14/FA_6/cout1 (l_14/ca<6>)
     LUT6:I3->O            3   0.043   0.438  l_14/FA_8/cout1 (l_14/ca<8>)
     LUT6:I3->O            3   0.043   0.438  l_14/FA_10/cout1 (l_14/ca<10>)
     LUT6:I3->O            3   0.043   0.438  l_14/FA_12/cout1 (l_14/ca<12>)
     LUT6:I3->O            2   0.043   0.461  l_14/FA_14/cout1 (l_14/ca<14>)
     LUT6:I2->O            1   0.043   0.279  l_14/FA_15/Mxor_s_xo<0>1 (p_30_OBUF)
     OBUF:I->O                 0.000          p_30_OBUF (p<30>)
    ----------------------------------------
    Total                     18.505ns (1.591ns logic, 16.914ns route)
                                       (8.6% logic, 91.4% route)

=========================================================================

Cross Clock Domains Report:
--------------------------

=========================================================================


Total REAL time to Xst completion: 8.00 secs
Total CPU time to Xst completion: 7.38 secs
 
--> 


Total memory usage is 486284 kilobytes

Number of errors   :    0 (   0 filtered)
Number of warnings :    1 (   0 filtered)
Number of infos    :    0 (   0 filtered)

